Command line invocation:
    /Applications/Xcode.app/Contents/Developer/usr/bin/xcodebuild test -project SwiftLIntRuleStudio.xcodeproj -scheme SwiftLIntRuleStudio -destination platform=macOS

Resolve Package Graph


Resolved source packages:
  ViewInspector: https://github.com/nalexn/ViewInspector @ 0.10.3
  Yams: https://github.com/jpsim/Yams.git @ 5.4.0

ComputePackagePrebuildTargetDependencyGraph

Prepare packages

CreateBuildRequest

SendProjectDescription

CreateBuildOperation

ComputeTargetDependencyGraph
note: Building targets in dependency order
note: Target dependency graph (8 targets)
    Target 'SwiftLIntRuleStudioUITests' in project 'SwiftLIntRuleStudio'
        ➜ Explicit dependency on target 'SwiftLIntRuleStudio' in project 'SwiftLIntRuleStudio'
    Target 'SwiftLIntRuleStudioTests' in project 'SwiftLIntRuleStudio'
        ➜ Explicit dependency on target 'SwiftLIntRuleStudio' in project 'SwiftLIntRuleStudio'
        ➜ Explicit dependency on target 'ViewInspector' in project 'ViewInspector'
    Target 'ViewInspector' in project 'ViewInspector'
        ➜ Explicit dependency on target 'ViewInspector' in project 'ViewInspector'
    Target 'ViewInspector' in project 'ViewInspector' (no dependencies)
    Target 'SwiftLIntRuleStudio' in project 'SwiftLIntRuleStudio'
        ➜ Explicit dependency on target 'Yams' in project 'Yams'
    Target 'Yams' in project 'Yams'
        ➜ Explicit dependency on target 'Yams' in project 'Yams'
        ➜ Explicit dependency on target 'CYaml' in project 'Yams'
    Target 'Yams' in project 'Yams'
        ➜ Explicit dependency on target 'CYaml' in project 'Yams'
    Target 'CYaml' in project 'Yams' (no dependencies)

GatherProvisioningInputs

CreateBuildDescription

ExecuteExternalTool /Applications/Xcode.app/Contents/Developer/Toolchains/XcodeDefault.xctoolchain/usr/bin/clang -v -E -dM -isysroot /Applications/Xcode.app/Contents/Developer/Platforms/MacOSX.platform/Developer/SDKs/MacOSX26.2.sdk -x c -c /dev/null

ExecuteExternalTool /Applications/Xcode.app/Contents/Developer/Toolchains/XcodeDefault.xctoolchain/usr/bin/clang -v -E -dM -arch arm64 -isysroot /Applications/Xcode.app/Contents/Developer/Platforms/MacOSX.platform/Developer/SDKs/MacOSX26.2.sdk -x c -c /dev/null

ExecuteExternalTool /Applications/Xcode.app/Contents/Developer/Toolchains/XcodeDefault.xctoolchain/usr/bin/swiftc --version

ExecuteExternalTool /Applications/Xcode.app/Contents/Developer/Toolchains/XcodeDefault.xctoolchain/usr/bin/ld -version_details

Build description signature: fefccec2629ac9c5f0df732d47eba2f8
Build description path: /Users/joecursio/Library/Developer/Xcode/DerivedData/SwiftLIntRuleStudio-ahzfppjxtqkxfsbdjvzvkvjagozd/Build/Intermediates.noindex/XCBuildData/fefccec2629ac9c5f0df732d47eba2f8.xcbuilddata
ClangStatCache /Applications/Xcode.app/Contents/Developer/Toolchains/XcodeDefault.xctoolchain/usr/bin/clang-stat-cache /Applications/Xcode.app/Contents/Developer/Platforms/MacOSX.platform/Developer/SDKs/MacOSX26.2.sdk /Users/joecursio/Library/Developer/Xcode/DerivedData/SDKStatCaches.noindex/macosx26.2-25C57-00fa09913b459cbbc988d1f6730289ae.sdkstatcache
    cd /Users/joecursio/xcode_projects/SwiftLintRuleStudio/SwiftLIntRuleStudio.xcodeproj
    /Applications/Xcode.app/Contents/Developer/Toolchains/XcodeDefault.xctoolchain/usr/bin/clang-stat-cache /Applications/Xcode.app/Contents/Developer/Platforms/MacOSX.platform/Developer/SDKs/MacOSX26.2.sdk -o /Users/joecursio/Library/Developer/Xcode/DerivedData/SDKStatCaches.noindex/macosx26.2-25C57-00fa09913b459cbbc988d1f6730289ae.sdkstatcache

SwiftDriver ViewInspector normal arm64 com.apple.xcode.tools.swift.compiler (in target 'ViewInspector' from project 'ViewInspector')
    cd /Users/joecursio/xcode_projects/SwiftLintRuleStudio/SwiftLIntRuleStudio.xcodeproj
    builtin-SwiftDriver -- /Applications/Xcode.app/Contents/Developer/Toolchains/XcodeDefault.xctoolchain/usr/bin/swiftc -module-name ViewInspector -Onone -enforce-exclusivity\=checked @/Users/joecursio/Library/Developer/Xcode/DerivedData/SwiftLIntRuleStudio-ahzfppjxtqkxfsbdjvzvkvjagozd/Build/Intermediates.noindex/ViewInspector.build/Debug/ViewInspector.build/Objects-normal/arm64/ViewInspector.SwiftFileList -DSWIFT_PACKAGE -DDEBUG -DSWIFT_MODULE_RESOURCE_BUNDLE_UNAVAILABLE -DXcode -plugin-path /Applications/Xcode.app/Contents/Developer/Toolchains/XcodeDefault.xctoolchain/usr/lib/swift/host/plugins/testing -enable-experimental-feature DebugDescriptionMacro -sdk /Applications/Xcode.app/Contents/Developer/Platforms/MacOSX.platform/Developer/SDKs/MacOSX26.2.sdk -target arm64-apple-macos10.15 -g -module-cache-path /Users/joecursio/Library/Developer/Xcode/DerivedData/ModuleCache.noindex -Xfrontend -serialize-debugging-options -profile-coverage-mapping -profile-generate -enable-testing -suppress-warnings -index-store-path /Users/joecursio/Library/Developer/Xcode/DerivedData/SwiftLIntRuleStudio-ahzfppjxtqkxfsbdjvzvkvjagozd/Index.noindex/DataStore -Xcc -D_LIBCPP_HARDENING_MODE\=_LIBCPP_HARDENING_MODE_DEBUG -swift-version 5 -I /Users/joecursio/Library/Developer/Xcode/DerivedData/SwiftLIntRuleStudio-ahzfppjxtqkxfsbdjvzvkvjagozd/Build/Products/Debug -Isystem /Applications/Xcode.app/Contents/Developer/Platforms/MacOSX.platform/Developer/usr/lib -F /Users/joecursio/Library/Developer/Xcode/DerivedData/SwiftLIntRuleStudio-ahzfppjxtqkxfsbdjvzvkvjagozd/Build/Products/Debug -F /Applications/Xcode.app/Contents/Developer/Platforms/MacOSX.platform/Developer/Library/Frameworks -emit-localized-strings -emit-localized-strings-path /Users/joecursio/Library/Developer/Xcode/DerivedData/SwiftLIntRuleStudio-ahzfppjxtqkxfsbdjvzvkvjagozd/Build/Intermediates.noindex/ViewInspector.build/Debug/ViewInspector.build/Objects-normal/arm64 -c -j8 -enable-batch-mode -incremental -Xcc -ivfsstatcache -Xcc /Users/joecursio/Library/Developer/Xcode/DerivedData/SDKStatCaches.noindex/macosx26.2-25C57-00fa09913b459cbbc988d1f6730289ae.sdkstatcache -output-file-map /Users/joecursio/Library/Developer/Xcode/DerivedData/SwiftLIntRuleStudio-ahzfppjxtqkxfsbdjvzvkvjagozd/Build/Intermediates.noindex/ViewInspector.build/Debug/ViewInspector.build/Objects-normal/arm64/ViewInspector-OutputFileMap.json -use-frontend-parseable-output -save-temps -no-color-diagnostics -explicit-module-build -module-cache-path /Users/joecursio/Library/Developer/Xcode/DerivedData/SwiftLIntRuleStudio-ahzfppjxtqkxfsbdjvzvkvjagozd/Build/Intermediates.noindex/SwiftExplicitPrecompiledModules -clang-scanner-module-cache-path /Users/joecursio/Library/Developer/Xcode/DerivedData/ModuleCache.noindex -sdk-module-cache-path /Users/joecursio/Library/Developer/Xcode/DerivedData/ModuleCache.noindex -serialize-diagnostics -emit-dependencies -emit-module -emit-module-path /Users/joecursio/Library/Developer/Xcode/DerivedData/SwiftLIntRuleStudio-ahzfppjxtqkxfsbdjvzvkvjagozd/Build/Intermediates.noindex/ViewInspector.build/Debug/ViewInspector.build/Objects-normal/arm64/ViewInspector.swiftmodule -validate-clang-modules-once -clang-build-session-file /Users/joecursio/Library/Developer/Xcode/DerivedData/ModuleCache.noindex/Session.modulevalidation -package-name viewinspector -Xcc -I/Users/joecursio/Library/Developer/Xcode/DerivedData/SwiftLIntRuleStudio-ahzfppjxtqkxfsbdjvzvkvjagozd/Build/Intermediates.noindex/ViewInspector.build/Debug/ViewInspector.build/swift-overrides.hmap -emit-const-values -Xfrontend -const-gather-protocols-file -Xfrontend /Users/joecursio/Library/Developer/Xcode/DerivedData/SwiftLIntRuleStudio-ahzfppjxtqkxfsbdjvzvkvjagozd/Build/Intermediates.noindex/ViewInspector.build/Debug/ViewInspector.build/Objects-normal/arm64/ViewInspector_const_extract_protocols.json -Xcc -I/Users/joecursio/Library/Developer/Xcode/DerivedData/SwiftLIntRuleStudio-ahzfppjxtqkxfsbdjvzvkvjagozd/Build/Products/Debug/include -Xcc -I/Users/joecursio/Library/Developer/Xcode/DerivedData/SwiftLIntRuleStudio-ahzfppjxtqkxfsbdjvzvkvjagozd/Build/Intermediates.noindex/ViewInspector.build/Debug/ViewInspector.build/DerivedSources-normal/arm64 -Xcc -I/Users/joecursio/Library/Developer/Xcode/DerivedData/SwiftLIntRuleStudio-ahzfppjxtqkxfsbdjvzvkvjagozd/Build/Intermediates.noindex/ViewInspector.build/Debug/ViewInspector.build/DerivedSources/arm64 -Xcc -I/Users/joecursio/Library/Developer/Xcode/DerivedData/SwiftLIntRuleStudio-ahzfppjxtqkxfsbdjvzvkvjagozd/Build/Intermediates.noindex/ViewInspector.build/Debug/ViewInspector.build/DerivedSources -Xcc -DSWIFT_PACKAGE -Xcc -DDEBUG\=1 -emit-objc-header -emit-objc-header-path /Users/joecursio/Library/Developer/Xcode/DerivedData/SwiftLIntRuleStudio-ahzfppjxtqkxfsbdjvzvkvjagozd/Build/Intermediates.noindex/ViewInspector.build/Debug/ViewInspector.build/Objects-normal/arm64/ViewInspector-Swift.h -working-directory /Users/joecursio/xcode_projects/SwiftLintRuleStudio/SwiftLIntRuleStudio.xcodeproj -experimental-emit-module-separately -disable-cmo

Ld /Users/joecursio/Library/Developer/Xcode/DerivedData/SwiftLIntRuleStudio-ahzfppjxtqkxfsbdjvzvkvjagozd/Build/Products/Debug/CYaml.o normal (in target 'CYaml' from project 'Yams')
    cd /Users/joecursio/Library/Developer/Xcode/DerivedData/SwiftLIntRuleStudio-ahzfppjxtqkxfsbdjvzvkvjagozd/SourcePackages/checkouts/Yams
    /Applications/Xcode.app/Contents/Developer/Toolchains/XcodeDefault.xctoolchain/usr/bin/clang -Xlinker -reproducible -target arm64-apple-macos10.13 -r -isysroot /Applications/Xcode.app/Contents/Developer/Platforms/MacOSX.platform/Developer/SDKs/MacOSX26.2.sdk -O0 -w -L/Users/joecursio/Library/Developer/Xcode/DerivedData/SwiftLIntRuleStudio-ahzfppjxtqkxfsbdjvzvkvjagozd/Build/Intermediates.noindex/EagerLinkingTBDs/Debug -L/Users/joecursio/Library/Developer/Xcode/DerivedData/SwiftLIntRuleStudio-ahzfppjxtqkxfsbdjvzvkvjagozd/Build/Products/Debug -L/Applications/Xcode.app/Contents/Developer/Platforms/MacOSX.platform/Developer/usr/lib -F/Users/joecursio/Library/Developer/Xcode/DerivedData/SwiftLIntRuleStudio-ahzfppjxtqkxfsbdjvzvkvjagozd/Build/Intermediates.noindex/EagerLinkingTBDs/Debug -F/Users/joecursio/Library/Developer/Xcode/DerivedData/SwiftLIntRuleStudio-ahzfppjxtqkxfsbdjvzvkvjagozd/Build/Products/Debug -iframework /Applications/Xcode.app/Contents/Developer/Platforms/MacOSX.platform/Developer/Library/Frameworks -filelist /Users/joecursio/Library/Developer/Xcode/DerivedData/SwiftLIntRuleStudio-ahzfppjxtqkxfsbdjvzvkvjagozd/Build/Intermediates.noindex/Yams.build/Debug/CYaml.build/Objects-normal/arm64/CYaml.LinkFileList -nostdlib -Xlinker -object_path_lto -Xlinker /Users/joecursio/Library/Developer/Xcode/DerivedData/SwiftLIntRuleStudio-ahzfppjxtqkxfsbdjvzvkvjagozd/Build/Intermediates.noindex/Yams.build/Debug/CYaml.build/Objects-normal/arm64/CYaml_lto.o -rdynamic -Xlinker -no_deduplicate -Xlinker -debug_variant -Xlinker -dependency_info -Xlinker /Users/joecursio/Library/Developer/Xcode/DerivedData/SwiftLIntRuleStudio-ahzfppjxtqkxfsbdjvzvkvjagozd/Build/Intermediates.noindex/Yams.build/Debug/CYaml.build/Objects-normal/arm64/CYaml_dependency_info.dat -o /Users/joecursio/Library/Developer/Xcode/DerivedData/SwiftLIntRuleStudio-ahzfppjxtqkxfsbdjvzvkvjagozd/Build/Products/Debug/CYaml.o

ProcessProductPackaging "" /Users/joecursio/Library/Developer/Xcode/DerivedData/SwiftLIntRuleStudio-ahzfppjxtqkxfsbdjvzvkvjagozd/Build/Intermediates.noindex/SwiftLIntRuleStudio.build/Debug/SwiftLIntRuleStudioUITests.build/SwiftLIntRuleStudioUITests.xctest.xcent (in target 'SwiftLIntRuleStudioUITests' from project 'SwiftLIntRuleStudio')
    cd /Users/joecursio/xcode_projects/SwiftLintRuleStudio
    
    Entitlements:
    
    {
    "com.apple.application-identifier" = "L3QPPH39L5.name.JosephCursio.SwiftLIntRuleStudioUITests.xctrunner";
    "com.apple.security.app-sandbox" = 1;
    "com.apple.security.get-task-allow" = 1;
    "com.apple.security.network.client" = 1;
    "com.apple.security.temporary-exception.files.absolute-path.read-only" =     (
        "/"
    );
    "com.apple.security.temporary-exception.mach-lookup.global-name" =     (
        "com.apple.testmanagerd",
        "com.apple.dt.testmanagerd.runner",
        "com.apple.coresymbolicationd",
        "com.apple.coredevice.version",
        "com.apple.coredevice.service",
        "com.apple.remoted"
    );
    "com.apple.security.temporary-exception.mach-lookup.local-name" =     (
        "com.apple.axserver"
    );
    "com.apple.security.temporary-exception.sbpl" =     (
        "(allow hid-control)",
        "(allow signal)"
    );
}
    
    builtin-productPackagingUtility -entitlements -format xml -o /Users/joecursio/Library/Developer/Xcode/DerivedData/SwiftLIntRuleStudio-ahzfppjxtqkxfsbdjvzvkvjagozd/Build/Intermediates.noindex/SwiftLIntRuleStudio.build/Debug/SwiftLIntRuleStudioUITests.build/SwiftLIntRuleStudioUITests.xctest.xcent

ProcessProductPackaging "" /Users/joecursio/Library/Developer/Xcode/DerivedData/SwiftLIntRuleStudio-ahzfppjxtqkxfsbdjvzvkvjagozd/Build/Intermediates.noindex/SwiftLIntRuleStudio.build/Debug/SwiftLIntRuleStudio.build/SwiftLIntRuleStudio.app.xcent (in target 'SwiftLIntRuleStudio' from project 'SwiftLIntRuleStudio')
    cd /Users/joecursio/xcode_projects/SwiftLintRuleStudio
    
    Entitlements:
    
    {
    "com.apple.security.files.user-selected.read-only" = 1;
    "com.apple.security.get-task-allow" = 1;
}
    
    builtin-productPackagingUtility -entitlements -format xml -o /Users/joecursio/Library/Developer/Xcode/DerivedData/SwiftLIntRuleStudio-ahzfppjxtqkxfsbdjvzvkvjagozd/Build/Intermediates.noindex/SwiftLIntRuleStudio.build/Debug/SwiftLIntRuleStudio.build/SwiftLIntRuleStudio.app.xcent

ProcessProductPackagingDER /Users/joecursio/Library/Developer/Xcode/DerivedData/SwiftLIntRuleStudio-ahzfppjxtqkxfsbdjvzvkvjagozd/Build/Intermediates.noindex/SwiftLIntRuleStudio.build/Debug/SwiftLIntRuleStudioUITests.build/SwiftLIntRuleStudioUITests.xctest.xcent /Users/joecursio/Library/Developer/Xcode/DerivedData/SwiftLIntRuleStudio-ahzfppjxtqkxfsbdjvzvkvjagozd/Build/Intermediates.noindex/SwiftLIntRuleStudio.build/Debug/SwiftLIntRuleStudioUITests.build/SwiftLIntRuleStudioUITests.xctest.xcent.der (in target 'SwiftLIntRuleStudioUITests' from project 'SwiftLIntRuleStudio')
    cd /Users/joecursio/xcode_projects/SwiftLintRuleStudio
    /usr/bin/derq query -f xml -i /Users/joecursio/Library/Developer/Xcode/DerivedData/SwiftLIntRuleStudio-ahzfppjxtqkxfsbdjvzvkvjagozd/Build/Intermediates.noindex/SwiftLIntRuleStudio.build/Debug/SwiftLIntRuleStudioUITests.build/SwiftLIntRuleStudioUITests.xctest.xcent -o /Users/joecursio/Library/Developer/Xcode/DerivedData/SwiftLIntRuleStudio-ahzfppjxtqkxfsbdjvzvkvjagozd/Build/Intermediates.noindex/SwiftLIntRuleStudio.build/Debug/SwiftLIntRuleStudioUITests.build/SwiftLIntRuleStudioUITests.xctest.xcent.der --raw

ProcessProductPackagingDER /Users/joecursio/Library/Developer/Xcode/DerivedData/SwiftLIntRuleStudio-ahzfppjxtqkxfsbdjvzvkvjagozd/Build/Intermediates.noindex/SwiftLIntRuleStudio.build/Debug/SwiftLIntRuleStudio.build/SwiftLIntRuleStudio.app.xcent /Users/joecursio/Library/Developer/Xcode/DerivedData/SwiftLIntRuleStudio-ahzfppjxtqkxfsbdjvzvkvjagozd/Build/Intermediates.noindex/SwiftLIntRuleStudio.build/Debug/SwiftLIntRuleStudio.build/SwiftLIntRuleStudio.app.xcent.der (in target 'SwiftLIntRuleStudio' from project 'SwiftLIntRuleStudio')
    cd /Users/joecursio/xcode_projects/SwiftLintRuleStudio
    /usr/bin/derq query -f xml -i /Users/joecursio/Library/Developer/Xcode/DerivedData/SwiftLIntRuleStudio-ahzfppjxtqkxfsbdjvzvkvjagozd/Build/Intermediates.noindex/SwiftLIntRuleStudio.build/Debug/SwiftLIntRuleStudio.build/SwiftLIntRuleStudio.app.xcent -o /Users/joecursio/Library/Developer/Xcode/DerivedData/SwiftLIntRuleStudio-ahzfppjxtqkxfsbdjvzvkvjagozd/Build/Intermediates.noindex/SwiftLIntRuleStudio.build/Debug/SwiftLIntRuleStudio.build/SwiftLIntRuleStudio.app.xcent.der --raw

SwiftDriver SwiftLIntRuleStudioUITests normal arm64 com.apple.xcode.tools.swift.compiler (in target 'SwiftLIntRuleStudioUITests' from project 'SwiftLIntRuleStudio')
    cd /Users/joecursio/xcode_projects/SwiftLintRuleStudio
    builtin-SwiftDriver -- /Applications/Xcode.app/Contents/Developer/Toolchains/XcodeDefault.xctoolchain/usr/bin/swiftc -module-name SwiftLIntRuleStudioUITests -Onone -enforce-exclusivity\=checked @/Users/joecursio/Library/Developer/Xcode/DerivedData/SwiftLIntRuleStudio-ahzfppjxtqkxfsbdjvzvkvjagozd/Build/Intermediates.noindex/SwiftLIntRuleStudio.build/Debug/SwiftLIntRuleStudioUITests.build/Objects-normal/arm64/SwiftLIntRuleStudioUITests.SwiftFileList -DDEBUG -module-alias Testing\=_Testing_Unavailable -plugin-path /Applications/Xcode.app/Contents/Developer/Toolchains/XcodeDefault.xctoolchain/usr/lib/swift/host/plugins/testing -enable-upcoming-feature MemberImportVisibility -enable-upcoming-feature InferIsolatedConformances -enable-upcoming-feature NonisolatedNonsendingByDefault -enable-experimental-feature DebugDescriptionMacro -sdk /Applications/Xcode.app/Contents/Developer/Platforms/MacOSX.platform/Developer/SDKs/MacOSX26.2.sdk -target arm64-apple-macos26.2 -g -module-cache-path /Users/joecursio/Library/Developer/Xcode/DerivedData/ModuleCache.noindex -Xfrontend -serialize-debugging-options -profile-coverage-mapping -profile-generate -enable-testing -index-store-path /Users/joecursio/Library/Developer/Xcode/DerivedData/SwiftLIntRuleStudio-ahzfppjxtqkxfsbdjvzvkvjagozd/Index.noindex/DataStore -Xcc -D_LIBCPP_HARDENING_MODE\=_LIBCPP_HARDENING_MODE_DEBUG -swift-version 6 -I /Users/joecursio/Library/Developer/Xcode/DerivedData/SwiftLIntRuleStudio-ahzfppjxtqkxfsbdjvzvkvjagozd/Build/Products/Debug -Isystem /Applications/Xcode.app/Contents/Developer/Platforms/MacOSX.platform/Developer/usr/lib -F /Users/joecursio/Library/Developer/Xcode/DerivedData/SwiftLIntRuleStudio-ahzfppjxtqkxfsbdjvzvkvjagozd/Build/Products/Debug -F /Applications/Xcode.app/Contents/Developer/Platforms/MacOSX.platform/Developer/Library/Frameworks -c -j8 -enable-batch-mode -incremental -Xcc -ivfsstatcache -Xcc /Users/joecursio/Library/Developer/Xcode/DerivedData/SDKStatCaches.noindex/macosx26.2-25C57-00fa09913b459cbbc988d1f6730289ae.sdkstatcache -output-file-map /Users/joecursio/Library/Developer/Xcode/DerivedData/SwiftLIntRuleStudio-ahzfppjxtqkxfsbdjvzvkvjagozd/Build/Intermediates.noindex/SwiftLIntRuleStudio.build/Debug/SwiftLIntRuleStudioUITests.build/Objects-normal/arm64/SwiftLIntRuleStudioUITests-OutputFileMap.json -use-frontend-parseable-output -save-temps -no-color-diagnostics -explicit-module-build -module-cache-path /Users/joecursio/Library/Developer/Xcode/DerivedData/SwiftLIntRuleStudio-ahzfppjxtqkxfsbdjvzvkvjagozd/Build/Intermediates.noindex/SwiftExplicitPrecompiledModules -clang-scanner-module-cache-path /Users/joecursio/Library/Developer/Xcode/DerivedData/ModuleCache.noindex -sdk-module-cache-path /Users/joecursio/Library/Developer/Xcode/DerivedData/ModuleCache.noindex -serialize-diagnostics -emit-dependencies -emit-module -emit-module-path /Users/joecursio/Library/Developer/Xcode/DerivedData/SwiftLIntRuleStudio-ahzfppjxtqkxfsbdjvzvkvjagozd/Build/Intermediates.noindex/SwiftLIntRuleStudio.build/Debug/SwiftLIntRuleStudioUITests.build/Objects-normal/arm64/SwiftLIntRuleStudioUITests.swiftmodule -validate-clang-modules-once -clang-build-session-file /Users/joecursio/Library/Developer/Xcode/DerivedData/ModuleCache.noindex/Session.modulevalidation -Xcc -I/Users/joecursio/Library/Developer/Xcode/DerivedData/SwiftLIntRuleStudio-ahzfppjxtqkxfsbdjvzvkvjagozd/Build/Intermediates.noindex/SwiftLIntRuleStudio.build/Debug/SwiftLIntRuleStudioUITests.build/swift-overrides.hmap -emit-const-values -Xfrontend -const-gather-protocols-file -Xfrontend /Users/joecursio/Library/Developer/Xcode/DerivedData/SwiftLIntRuleStudio-ahzfppjxtqkxfsbdjvzvkvjagozd/Build/Intermediates.noindex/SwiftLIntRuleStudio.build/Debug/SwiftLIntRuleStudioUITests.build/Objects-normal/arm64/SwiftLIntRuleStudioUITests_const_extract_protocols.json -Xcc -iquote -Xcc /Users/joecursio/Library/Developer/Xcode/DerivedData/SwiftLIntRuleStudio-ahzfppjxtqkxfsbdjvzvkvjagozd/Build/Intermediates.noindex/SwiftLIntRuleStudio.build/Debug/SwiftLIntRuleStudioUITests.build/SwiftLIntRuleStudioUITests-generated-files.hmap -Xcc -I/Users/joecursio/Library/Developer/Xcode/DerivedData/SwiftLIntRuleStudio-ahzfppjxtqkxfsbdjvzvkvjagozd/Build/Intermediates.noindex/SwiftLIntRuleStudio.build/Debug/SwiftLIntRuleStudioUITests.build/SwiftLIntRuleStudioUITests-own-target-headers.hmap -Xcc -I/Users/joecursio/Library/Developer/Xcode/DerivedData/SwiftLIntRuleStudio-ahzfppjxtqkxfsbdjvzvkvjagozd/Build/Intermediates.noindex/SwiftLIntRuleStudio.build/Debug/SwiftLIntRuleStudioUITests.build/SwiftLIntRuleStudioUITests-all-non-framework-target-headers.hmap -Xcc -ivfsoverlay -Xcc /Users/joecursio/Library/Developer/Xcode/DerivedData/SwiftLIntRuleStudio-ahzfppjxtqkxfsbdjvzvkvjagozd/Build/Intermediates.noindex/SwiftLIntRuleStudio.build/Debug/SwiftLIntRuleStudio-44c776ad181e1a0dfcc4a380ee644bcb-VFS/all-product-headers.yaml -Xcc -iquote -Xcc /Users/joecursio/Library/Developer/Xcode/DerivedData/SwiftLIntRuleStudio-ahzfppjxtqkxfsbdjvzvkvjagozd/Build/Intermediates.noindex/SwiftLIntRuleStudio.build/Debug/SwiftLIntRuleStudioUITests.build/SwiftLIntRuleStudioUITests-project-headers.hmap -Xcc -I/Users/joecursio/Library/Developer/Xcode/DerivedData/SwiftLIntRuleStudio-ahzfppjxtqkxfsbdjvzvkvjagozd/Build/Products/Debug/include -Xcc -I/Users/joecursio/Library/Developer/Xcode/DerivedData/SwiftLIntRuleStudio-ahzfppjxtqkxfsbdjvzvkvjagozd/Build/Intermediates.noindex/SwiftLIntRuleStudio.build/Debug/SwiftLIntRuleStudioUITests.build/DerivedSources-normal/arm64 -Xcc -I/Users/joecursio/Library/Developer/Xcode/DerivedData/SwiftLIntRuleStudio-ahzfppjxtqkxfsbdjvzvkvjagozd/Build/Intermediates.noindex/SwiftLIntRuleStudio.build/Debug/SwiftLIntRuleStudioUITests.build/DerivedSources/arm64 -Xcc -I/Users/joecursio/Library/Developer/Xcode/DerivedData/SwiftLIntRuleStudio-ahzfppjxtqkxfsbdjvzvkvjagozd/Build/Intermediates.noindex/SwiftLIntRuleStudio.build/Debug/SwiftLIntRuleStudioUITests.build/DerivedSources -Xcc -DDEBUG\=1 -emit-objc-header -emit-objc-header-path /Users/joecursio/Library/Developer/Xcode/DerivedData/SwiftLIntRuleStudio-ahzfppjxtqkxfsbdjvzvkvjagozd/Build/Intermediates.noindex/SwiftLIntRuleStudio.build/Debug/SwiftLIntRuleStudioUITests.build/Objects-normal/arm64/SwiftLIntRuleStudioUITests-Swift.h -working-directory /Users/joecursio/xcode_projects/SwiftLintRuleStudio -experimental-emit-module-separately -disable-cmo

RegisterExecutionPolicyException /Users/joecursio/Library/Developer/Xcode/DerivedData/SwiftLIntRuleStudio-ahzfppjxtqkxfsbdjvzvkvjagozd/Build/Products/Debug/CYaml.o (in target 'CYaml' from project 'Yams')
    cd /Users/joecursio/Library/Developer/Xcode/DerivedData/SwiftLIntRuleStudio-ahzfppjxtqkxfsbdjvzvkvjagozd/SourcePackages/checkouts/Yams
    builtin-RegisterExecutionPolicyException /Users/joecursio/Library/Developer/Xcode/DerivedData/SwiftLIntRuleStudio-ahzfppjxtqkxfsbdjvzvkvjagozd/Build/Products/Debug/CYaml.o

Ld /Users/joecursio/Library/Developer/Xcode/DerivedData/SwiftLIntRuleStudio-ahzfppjxtqkxfsbdjvzvkvjagozd/Build/Products/Debug/Yams.o normal (in target 'Yams' from project 'Yams')
    cd /Users/joecursio/Library/Developer/Xcode/DerivedData/SwiftLIntRuleStudio-ahzfppjxtqkxfsbdjvzvkvjagozd/SourcePackages/checkouts/Yams
    /Applications/Xcode.app/Contents/Developer/Toolchains/XcodeDefault.xctoolchain/usr/bin/clang -Xlinker -reproducible -target arm64-apple-macos10.13 -r -isysroot /Applications/Xcode.app/Contents/Developer/Platforms/MacOSX.platform/Developer/SDKs/MacOSX26.2.sdk -O0 -w -L/Users/joecursio/Library/Developer/Xcode/DerivedData/SwiftLIntRuleStudio-ahzfppjxtqkxfsbdjvzvkvjagozd/Build/Intermediates.noindex/EagerLinkingTBDs/Debug -L/Users/joecursio/Library/Developer/Xcode/DerivedData/SwiftLIntRuleStudio-ahzfppjxtqkxfsbdjvzvkvjagozd/Build/Products/Debug -L/Applications/Xcode.app/Contents/Developer/Platforms/MacOSX.platform/Developer/usr/lib -F/Users/joecursio/Library/Developer/Xcode/DerivedData/SwiftLIntRuleStudio-ahzfppjxtqkxfsbdjvzvkvjagozd/Build/Intermediates.noindex/EagerLinkingTBDs/Debug -F/Users/joecursio/Library/Developer/Xcode/DerivedData/SwiftLIntRuleStudio-ahzfppjxtqkxfsbdjvzvkvjagozd/Build/Products/Debug/PackageFrameworks -F/Users/joecursio/Library/Developer/Xcode/DerivedData/SwiftLIntRuleStudio-ahzfppjxtqkxfsbdjvzvkvjagozd/Build/Products/Debug -iframework /Applications/Xcode.app/Contents/Developer/Platforms/MacOSX.platform/Developer/Library/Frameworks -filelist /Users/joecursio/Library/Developer/Xcode/DerivedData/SwiftLIntRuleStudio-ahzfppjxtqkxfsbdjvzvkvjagozd/Build/Intermediates.noindex/Yams.build/Debug/Yams.build/Objects-normal/arm64/Yams.LinkFileList -nostdlib -Xlinker -object_path_lto -Xlinker /Users/joecursio/Library/Developer/Xcode/DerivedData/SwiftLIntRuleStudio-ahzfppjxtqkxfsbdjvzvkvjagozd/Build/Intermediates.noindex/Yams.build/Debug/Yams.build/Objects-normal/arm64/Yams_lto.o -rdynamic -Xlinker -no_deduplicate -Xlinker -debug_variant -Xlinker -dependency_info -Xlinker /Users/joecursio/Library/Developer/Xcode/DerivedData/SwiftLIntRuleStudio-ahzfppjxtqkxfsbdjvzvkvjagozd/Build/Intermediates.noindex/Yams.build/Debug/Yams.build/Objects-normal/arm64/Yams_dependency_info.dat -fobjc-link-runtime -L/Applications/Xcode.app/Contents/Developer/Toolchains/XcodeDefault.xctoolchain/usr/lib/swift/macosx -L/usr/lib/swift -Xlinker -add_ast_path -Xlinker /Users/joecursio/Library/Developer/Xcode/DerivedData/SwiftLIntRuleStudio-ahzfppjxtqkxfsbdjvzvkvjagozd/Build/Intermediates.noindex/Yams.build/Debug/Yams.build/Objects-normal/arm64/Yams.swiftmodule @/Users/joecursio/Library/Developer/Xcode/DerivedData/SwiftLIntRuleStudio-ahzfppjxtqkxfsbdjvzvkvjagozd/Build/Intermediates.noindex/Yams.build/Debug/Yams.build/Objects-normal/arm64/Yams-linker-args.resp -o /Users/joecursio/Library/Developer/Xcode/DerivedData/SwiftLIntRuleStudio-ahzfppjxtqkxfsbdjvzvkvjagozd/Build/Products/Debug/Yams.o

ExtractAppIntentsMetadata (in target 'Yams' from project 'Yams')
    cd /Users/joecursio/Library/Developer/Xcode/DerivedData/SwiftLIntRuleStudio-ahzfppjxtqkxfsbdjvzvkvjagozd/SourcePackages/checkouts/Yams
    /Applications/Xcode.app/Contents/Developer/Toolchains/XcodeDefault.xctoolchain/usr/bin/appintentsmetadataprocessor --toolchain-dir /Applications/Xcode.app/Contents/Developer/Toolchains/XcodeDefault.xctoolchain --module-name Yams --sdk-root /Applications/Xcode.app/Contents/Developer/Platforms/MacOSX.platform/Developer/SDKs/MacOSX26.2.sdk --xcode-version 17C52 --platform-family macOS --deployment-target 10.13 --bundle-identifier yams.Yams --output /Users/joecursio/Library/Developer/Xcode/DerivedData/SwiftLIntRuleStudio-ahzfppjxtqkxfsbdjvzvkvjagozd/Build/Products/Debug/Yams.appintents --target-triple arm64-apple-macos10.13 --binary-file /Users/joecursio/Library/Developer/Xcode/DerivedData/SwiftLIntRuleStudio-ahzfppjxtqkxfsbdjvzvkvjagozd/Build/Products/Debug/Yams.o --dependency-file /Users/joecursio/Library/Developer/Xcode/DerivedData/SwiftLIntRuleStudio-ahzfppjxtqkxfsbdjvzvkvjagozd/Build/Intermediates.noindex/Yams.build/Debug/Yams.build/Objects-normal/arm64/Yams_dependency_info.dat --stringsdata-file /Users/joecursio/Library/Developer/Xcode/DerivedData/SwiftLIntRuleStudio-ahzfppjxtqkxfsbdjvzvkvjagozd/Build/Intermediates.noindex/Yams.build/Debug/Yams.build/Objects-normal/arm64/ExtractedAppShortcutsMetadata.stringsdata --source-file-list /Users/joecursio/Library/Developer/Xcode/DerivedData/SwiftLIntRuleStudio-ahzfppjxtqkxfsbdjvzvkvjagozd/Build/Intermediates.noindex/Yams.build/Debug/Yams.build/Objects-normal/arm64/Yams.SwiftFileList --metadata-file-list /Users/joecursio/Library/Developer/Xcode/DerivedData/SwiftLIntRuleStudio-ahzfppjxtqkxfsbdjvzvkvjagozd/Build/Intermediates.noindex/Yams.build/Debug/Yams.build/Yams.DependencyMetadataFileList --static-metadata-file-list /Users/joecursio/Library/Developer/Xcode/DerivedData/SwiftLIntRuleStudio-ahzfppjxtqkxfsbdjvzvkvjagozd/Build/Intermediates.noindex/Yams.build/Debug/Yams.build/Yams.DependencyStaticMetadataFileList --swift-const-vals-list /Users/joecursio/Library/Developer/Xcode/DerivedData/SwiftLIntRuleStudio-ahzfppjxtqkxfsbdjvzvkvjagozd/Build/Intermediates.noindex/Yams.build/Debug/Yams.build/Objects-normal/arm64/Yams.SwiftConstValuesFileList --force --compile-time-extraction --deployment-aware-processing --validate-assistant-intents --no-app-shortcuts-localization
2025-12-27 09:00:26.822 appintentsmetadataprocessor[88583:2085649] Starting appintentsmetadataprocessor export
2025-12-27 09:00:27.084 appintentsmetadataprocessor[88583:2085649] Extracted no relevant App Intents symbols, skipping writing output

SwiftExplicitDependencyGeneratePcm arm64 /Users/joecursio/Library/Developer/Xcode/DerivedData/ModuleCache.noindex/_AvailabilityInternal-C49UJ5BOJ63D5AF8GBRZSRSPH.pcm

SwiftExplicitDependencyGeneratePcm arm64 /Users/joecursio/Library/Developer/Xcode/DerivedData/ModuleCache.noindex/_Builtin_float-ANW6WZSNL5V9E1OK1HLMYVRA9.pcm

SwiftExplicitDependencyGeneratePcm arm64 /Users/joecursio/Library/Developer/Xcode/DerivedData/ModuleCache.noindex/SwiftShims-AXRF5C4A3LZGTYX7EN8V88Q9L.pcm

SwiftExplicitDependencyGeneratePcm arm64 /Users/joecursio/Library/Developer/Xcode/DerivedData/ModuleCache.noindex/ptrauth-1BSM2JX9WLYBFVBK361L751YU.pcm

RegisterExecutionPolicyException /Users/joecursio/Library/Developer/Xcode/DerivedData/SwiftLIntRuleStudio-ahzfppjxtqkxfsbdjvzvkvjagozd/Build/Products/Debug/Yams.o (in target 'Yams' from project 'Yams')
    cd /Users/joecursio/Library/Developer/Xcode/DerivedData/SwiftLIntRuleStudio-ahzfppjxtqkxfsbdjvzvkvjagozd/SourcePackages/checkouts/Yams
    builtin-RegisterExecutionPolicyException /Users/joecursio/Library/Developer/Xcode/DerivedData/SwiftLIntRuleStudio-ahzfppjxtqkxfsbdjvzvkvjagozd/Build/Products/Debug/Yams.o

Ld /Users/joecursio/Library/Developer/Xcode/DerivedData/SwiftLIntRuleStudio-ahzfppjxtqkxfsbdjvzvkvjagozd/Build/Products/Debug/SwiftLIntRuleStudio.app/Contents/MacOS/__preview.dylib normal (in target 'SwiftLIntRuleStudio' from project 'SwiftLIntRuleStudio')
    cd /Users/joecursio/xcode_projects/SwiftLintRuleStudio
    /Applications/Xcode.app/Contents/Developer/Toolchains/XcodeDefault.xctoolchain/usr/bin/clang -Xlinker -reproducible -target arm64-apple-macos26.2 -dynamiclib -isysroot /Applications/Xcode.app/Contents/Developer/Platforms/MacOSX.platform/Developer/SDKs/MacOSX26.2.sdk -O0 -L/Users/joecursio/Library/Developer/Xcode/DerivedData/SwiftLIntRuleStudio-ahzfppjxtqkxfsbdjvzvkvjagozd/Build/Products/Debug -F/Users/joecursio/Library/Developer/Xcode/DerivedData/SwiftLIntRuleStudio-ahzfppjxtqkxfsbdjvzvkvjagozd/Build/Products/Debug/PackageFrameworks -F/Users/joecursio/Library/Developer/Xcode/DerivedData/SwiftLIntRuleStudio-ahzfppjxtqkxfsbdjvzvkvjagozd/Build/Products/Debug/PackageFrameworks -F/Users/joecursio/Library/Developer/Xcode/DerivedData/SwiftLIntRuleStudio-ahzfppjxtqkxfsbdjvzvkvjagozd/Build/Products/Debug -install_name @rpath/SwiftLIntRuleStudio.debug.dylib -rdynamic -Xlinker -no_deduplicate -fsanitize\=thread -Xlinker -debug_variant -Xlinker -dependency_info -Xlinker /Users/joecursio/Library/Developer/Xcode/DerivedData/SwiftLIntRuleStudio-ahzfppjxtqkxfsbdjvzvkvjagozd/Build/Intermediates.noindex/SwiftLIntRuleStudio.build/Debug/SwiftLIntRuleStudio.build/Objects-normal-tsan/arm64/SwiftLIntRuleStudio_dependency_info.dat -Xlinker -no_adhoc_codesign -o /Users/joecursio/Library/Developer/Xcode/DerivedData/SwiftLIntRuleStudio-ahzfppjxtqkxfsbdjvzvkvjagozd/Build/Products/Debug/SwiftLIntRuleStudio.app/Contents/MacOS/__preview.dylib

Ld /Users/joecursio/Library/Developer/Xcode/DerivedData/SwiftLIntRuleStudio-ahzfppjxtqkxfsbdjvzvkvjagozd/Build/Products/Debug/SwiftLIntRuleStudio.app/Contents/MacOS/SwiftLIntRuleStudio.debug.dylib normal (in target 'SwiftLIntRuleStudio' from project 'SwiftLIntRuleStudio')
    cd /Users/joecursio/xcode_projects/SwiftLintRuleStudio
    /Applications/Xcode.app/Contents/Developer/Toolchains/XcodeDefault.xctoolchain/usr/bin/clang -Xlinker -reproducible -target arm64-apple-macos26.2 -dynamiclib -isysroot /Applications/Xcode.app/Contents/Developer/Platforms/MacOSX.platform/Developer/SDKs/MacOSX26.2.sdk -O0 -L/Users/joecursio/Library/Developer/Xcode/DerivedData/SwiftLIntRuleStudio-ahzfppjxtqkxfsbdjvzvkvjagozd/Build/Intermediates.noindex/EagerLinkingTBDs/Debug -L/Users/joecursio/Library/Developer/Xcode/DerivedData/SwiftLIntRuleStudio-ahzfppjxtqkxfsbdjvzvkvjagozd/Build/Products/Debug -F/Users/joecursio/Library/Developer/Xcode/DerivedData/SwiftLIntRuleStudio-ahzfppjxtqkxfsbdjvzvkvjagozd/Build/Intermediates.noindex/EagerLinkingTBDs/Debug -F/Users/joecursio/Library/Developer/Xcode/DerivedData/SwiftLIntRuleStudio-ahzfppjxtqkxfsbdjvzvkvjagozd/Build/Products/Debug/PackageFrameworks -F/Users/joecursio/Library/Developer/Xcode/DerivedData/SwiftLIntRuleStudio-ahzfppjxtqkxfsbdjvzvkvjagozd/Build/Products/Debug/PackageFrameworks -F/Users/joecursio/Library/Developer/Xcode/DerivedData/SwiftLIntRuleStudio-ahzfppjxtqkxfsbdjvzvkvjagozd/Build/Products/Debug -filelist /Users/joecursio/Library/Developer/Xcode/DerivedData/SwiftLIntRuleStudio-ahzfppjxtqkxfsbdjvzvkvjagozd/Build/Intermediates.noindex/SwiftLIntRuleStudio.build/Debug/SwiftLIntRuleStudio.build/Objects-normal/arm64/SwiftLIntRuleStudio.LinkFileList -install_name @rpath/SwiftLIntRuleStudio.debug.dylib -Xlinker -rpath -Xlinker /Users/joecursio/Library/Developer/Xcode/DerivedData/SwiftLIntRuleStudio-ahzfppjxtqkxfsbdjvzvkvjagozd/Build/Products/Debug/PackageFrameworks -Xlinker -rpath -Xlinker @executable_path/../Frameworks -Xlinker -object_path_lto -Xlinker /Users/joecursio/Library/Developer/Xcode/DerivedData/SwiftLIntRuleStudio-ahzfppjxtqkxfsbdjvzvkvjagozd/Build/Intermediates.noindex/SwiftLIntRuleStudio.build/Debug/SwiftLIntRuleStudio.build/Objects-normal-tsan/arm64/SwiftLIntRuleStudio_lto.o -rdynamic -Xlinker -no_deduplicate -fsanitize\=thread -Xlinker -debug_variant -Xlinker -dependency_info -Xlinker /Users/joecursio/Library/Developer/Xcode/DerivedData/SwiftLIntRuleStudio-ahzfppjxtqkxfsbdjvzvkvjagozd/Build/Intermediates.noindex/SwiftLIntRuleStudio.build/Debug/SwiftLIntRuleStudio.build/Objects-normal-tsan/arm64/SwiftLIntRuleStudio_dependency_info.dat -fobjc-link-runtime -fprofile-instr-generate -L/Applications/Xcode.app/Contents/Developer/Toolchains/XcodeDefault.xctoolchain/usr/lib/swift/macosx -L/usr/lib/swift -Wl,-no_warn_duplicate_libraries -Wl,-no_warn_duplicate_libraries -Xlinker -alias -Xlinker _main -Xlinker ___debug_main_executable_dylib_entry_point -Xlinker -no_adhoc_codesign -o /Users/joecursio/Library/Developer/Xcode/DerivedData/SwiftLIntRuleStudio-ahzfppjxtqkxfsbdjvzvkvjagozd/Build/Products/Debug/SwiftLIntRuleStudio.app/Contents/MacOS/SwiftLIntRuleStudio.debug.dylib -Xlinker -add_ast_path -Xlinker /Users/joecursio/Library/Developer/Xcode/DerivedData/SwiftLIntRuleStudio-ahzfppjxtqkxfsbdjvzvkvjagozd/Build/Intermediates.noindex/Yams.build/Debug/Yams.build/Objects-normal/arm64/Yams.swiftmodule @/Users/joecursio/Library/Developer/Xcode/DerivedData/SwiftLIntRuleStudio-ahzfppjxtqkxfsbdjvzvkvjagozd/Build/Intermediates.noindex/Yams.build/Debug/Yams.build/Objects-normal/arm64/Yams-linker-args.resp
Undefined symbols for architecture arm64:
  "_main", referenced from:
      ___debug_main_executable_dylib_entry_point in command-line-aliases-file
ld: symbol(s) not found for architecture arm64
clang: error: linker command failed with exit code 1 (use -v to see invocation)

ProcessInfoPlistFile /Users/joecursio/Library/Developer/Xcode/DerivedData/SwiftLIntRuleStudio-ahzfppjxtqkxfsbdjvzvkvjagozd/Build/Products/Debug/SwiftLIntRuleStudio.app/Contents/Info.plist /Users/joecursio/Library/Developer/Xcode/DerivedData/SwiftLIntRuleStudio-ahzfppjxtqkxfsbdjvzvkvjagozd/Build/Intermediates.noindex/SwiftLIntRuleStudio.build/Debug/SwiftLIntRuleStudio.build/empty-SwiftLIntRuleStudio.plist (in target 'SwiftLIntRuleStudio' from project 'SwiftLIntRuleStudio')
    cd /Users/joecursio/xcode_projects/SwiftLintRuleStudio
    builtin-infoPlistUtility /Users/joecursio/Library/Developer/Xcode/DerivedData/SwiftLIntRuleStudio-ahzfppjxtqkxfsbdjvzvkvjagozd/Build/Intermediates.noindex/SwiftLIntRuleStudio.build/Debug/SwiftLIntRuleStudio.build/empty-SwiftLIntRuleStudio.plist -producttype com.apple.product-type.application -genpkginfo /Users/joecursio/Library/Developer/Xcode/DerivedData/SwiftLIntRuleStudio-ahzfppjxtqkxfsbdjvzvkvjagozd/Build/Products/Debug/SwiftLIntRuleStudio.app/Contents/PkgInfo -expandbuildsettings -platform macosx -o /Users/joecursio/Library/Developer/Xcode/DerivedData/SwiftLIntRuleStudio-ahzfppjxtqkxfsbdjvzvkvjagozd/Build/Products/Debug/SwiftLIntRuleStudio.app/Contents/Info.plist

SwiftExplicitDependencyGeneratePcm arm64 /Users/joecursio/Library/Developer/Xcode/DerivedData/ModuleCache.noindex/_DarwinFoundation1-EIIAKZI8OH3MTY3ZUJPVPH1YV.pcm

SwiftExplicitDependencyGeneratePcm arm64 /Users/joecursio/Library/Developer/Xcode/DerivedData/ModuleCache.noindex/_DarwinFoundation2-51WDWYTLB1Q7CDSDQ1A6SV5DB.pcm

SwiftExplicitDependencyGeneratePcm arm64 /Users/joecursio/Library/Developer/Xcode/DerivedData/ModuleCache.noindex/_Builtin_limits-GIXKXTCGCP5EZHQC56S4FC4X.pcm

note: Disabling hardened runtime with ad-hoc codesigning. (in target 'SwiftLIntRuleStudio' from project 'SwiftLIntRuleStudio')

Test session results, code coverage, and logs:
	/Users/joecursio/Library/Developer/Xcode/DerivedData/SwiftLIntRuleStudio-ahzfppjxtqkxfsbdjvzvkvjagozd/Logs/Test/Test-SwiftLIntRuleStudio-2025.12.27_09-00-25--0600.xcresult

